#-----------------------------------------------------------
# xsim v2025.2 (64-bit)
# SW Build 6299465 on Fri Nov 14 19:35:11 GMT 2025
# IP Build 6300035 on Fri Nov 14 10:48:45 MST 2025
# SharedData Build 6298862 on Thu Nov 13 04:50:51 MST 2025
# Start of session at: Mon Jun 15 19:32:42 2026
# Process ID         : 7380
# Current directory  : D:/02-professional/00-Work/verilog_and_vhdl_finetuning/benchmark/RTLLM_DeepSeekV4_PRO/RTLLM/Miscellaneous/Frequency divider/freq_div
# Command line       : xsim.exe -mode tcl -source {xsim.dir/rtllm_snap/xsim_script.tcl}
# Log file           : D:/02-professional/00-Work/verilog_and_vhdl_finetuning/benchmark/RTLLM_DeepSeekV4_PRO/RTLLM/Miscellaneous/Frequency divider/freq_div/xsim.log
# Journal file       : D:/02-professional/00-Work/verilog_and_vhdl_finetuning/benchmark/RTLLM_DeepSeekV4_PRO/RTLLM/Miscellaneous/Frequency divider/freq_div\xsim.jou
# Running On         : DESKTOP-P3DMPUE
# Platform           : Windows Server 2016 or Windows 10
# Operating System   : 22631
# Processor Detail   : Intel(R) Xeon(R) CPU E5-2680 v4 @ 2.40GHz
# CPU Frequency      : 2394 MHz
# CPU Physical cores : 14
# CPU Logical cores  : 28
# Host memory        : 17082 MB
# Swap memory        : 29303 MB
# Total Virtual      : 46386 MB
# Available Virtual  : 8477 MB
#-----------------------------------------------------------
source xsim.dir/rtllm_snap/xsim_script.tcl
run -all
